capiko-ai  ·  Copilot configurator

Configure Capiko Guardian Angel (CGA)
Wire Capiko Guardian Angel into this project: Copilot reviews every commit.

▸ Enabled         off
  Strict mode     on
  Timeout         120s
  Apply         
  Back          

↑/↓ move · space toggle · ←/→ timeout · enter select · esc back
