╔════════════════════════════════════════════════════════════════╗
║                                                                ║
║                                 %=#                            ║
║                   %=+==   *%%%%%%%%                            ║
║                   %+++#==================%:                    ║
║                     %#=====+==*=========+++++%                 ║
║                    +===================++++++%%                ║
║                   %===================++++++++%                ║
║                  #====================++++++++%                ║
║                  #====================+++++*++-                ║
║                 %=====================#+++%=%%                 ║
║               ============================:%                   ║
║             %=================+=========%= :%  :*+=++          ║
║           %====================+++++++     :: +:%==:=:=        ║
║         %=========================++++#     :     #+++%%       ║
║        ===============================%     ::   %             ║
║       ================================%   % +=   #  = +        ║
║      +================================: @    %::--   %%        ║
║     %=================================:*****#:  =#****#%       ║
║     +===========+====================+:+#*************##       ║
║    -++=============#==========%======#-*****#**********#       ║
║    -++==============+=========%======  *=*************#%       ║
║     +++=================+=====%=%===%  %+************##:       ║
║     %+++=============*=+++====+  +++#   %********#**##%        ║
║      ++++============++++++++++#:#++%#:-:%##*****####          ║
║  :::::%++++========#%%%%:-::++++%%++++%-::::%####%=::::::      ║
║  :::::::-%++++====+++++++*-:-++*+*%::::::::::::::::::::::      ║
║           :-::--::--:-%%%::::::::::::::::::---::               ║
║                                                                ║
║  Capiko AI - v0.0.0  ·  Ecosystem, Frameworks, Workflows       ║
║                                                                ║
║  Menu                                                          ║
║                                                                ║
║  ▸ Start installation                                          ║
║    Managed uninstall                                           ║
║    Sync configs                                                ║
║    Manage backups                                              ║
║    Configure SDD                                               ║
║    SDD Status                                                  ║
║    Configure engram                                            ║
║    Configure headroom                                          ║
║    Upgrade tools                                               ║
║    Upgrade + sync                                              ║
║    Install instructions                                        ║
║    Quit                                                        ║
║                                                                ║
║  ↑/↓ move · enter select · q quit                              ║
║                                                                ║
╚════════════════════════════════════════════════════════════════╝
