╔════════════════════════════════════════════════════════════╗
║                                                            ║
║  ⢀⣀⡀⠀⠀⠀⠀⢀⣀⡀                                                ║
║  ⣾⣿⣿⣶⣶⣶⣶⣿⣿⣷                                                ║
║  ⣿⣿⣿⣿⣿⣿⣿⣿⣿⣿                                                ║
║  ⣿⠿⣿⣿⣿⣿⣿⣿⠿⣿   ⣿ ⣿ ⣿⣿⣿                                      ║
║  ⣿⣿⣿⣷⣶⣶⣾⣿⣿⣿   ⣿⣿⠀ ⣿⠀⣿                                      ║
║  ⠘⢿⣿⡿⠟⠻⢿⣿⡿⠃   ⣿ ⣿ ⣿⣿⣿                                      ║
║  ⢀⣾⣿⣿⣿⣿⣿⣿⣷⡀                                                ║
║  ⣾⣿⣿⣿⣿⣿⣿⣿⣿⣷                                                ║
║  ⠛⠋⠁⠀⠀⠀⠀⠈⠙⠛                                                ║
║                                                            ║
║  Capiko AI - v1.0.0  ·  Ecosystem, Frameworks, Workflows   ║
║  2 skills out of date · Sync configs to update             ║
║                                                            ║
║  Menu                                                      ║
║                                                            ║
║  ▸ Start installation                                      ║
║    Managed uninstall                                       ║
║    Sync configs                                            ║
║    Manage backups                                          ║
║    Configure SDD                                           ║
║    Upgrade tools                                           ║
║    Upgrade + sync                                          ║
║    Install instructions                                    ║
║    Quit                                                    ║
║                                                            ║
║  ↑/↓ move · enter select · q quit                          ║
║                                                            ║
╚════════════════════════════════════════════════════════════╝
