╭▔▔▔▔▔▔▔╮                                         
╱ ●   ● ╲                                         
│   ▾   │                                         
│  ╲▁╱  │   █ █ ███                               
│ ▆▆▆▆▆ │   ██  █ █                               
╲▆▆▆▆▆▆▆╱   █ █ ███                               
 ╰┳▔▔▔┳╯                                          
  ╹   ╹                                           
                                                  
CAPIKO-AI dev  ·  Ecosystem, Frameworks, Workflows
Update available: capiko-ai dev → 0.2.0           
                                                  
Menu                                              
╭────────────────────────╮                        
│  › Start installation  │                        
│    Managed uninstall   │                        
│    Sync configs        │                        
│    Manage backups      │                        
│    Upgrade tools       │                        
│    Upgrade + sync      │                        
│    Quit                │                        
╰────────────────────────╯                        
                                                  
↑/↓ move · enter select · q quit                  
