╔════════════════════════════════════════════════════════════════╗
║                                                                ║
║                                 %=#                            ║
║                   %=+==   *%%%%%%%%                            ║
║                   %+++#==================%:                    ║
║                     %#=====+==*=========+++++%                 ║
║                    +===================++++++%%                ║
║                   %===================++++++++%                ║
║                  #====================++++++++%                ║
║                  #====================+++++*++-                ║
║                 %=====================#+++%=%%                 ║
║               ============================:%                   ║
║             %=================+=========%= :%  :*+=++          ║
║           %====================+++++++     :: +:%==:=:=        ║
║         %=========================++++#     :     #+++%%       ║
║        ===============================%     ::   %             ║
║       ================================%   % +=   #  = +        ║
║      +================================: @    %::--   %%        ║
║     %=================================:*****#:  =#****#%       ║
║     +===========+====================+:+#*************##       ║
║    -++=============#==========%======#-*****#**********#       ║
║    -++==============+=========%======  *=*************#%       ║
║     +++=================+=====%=%===%  %+************##:       ║
║     %+++=============*=+++====+  +++#   %********#**##%        ║
║      ++++============++++++++++#:#++%#:-:%##*****####          ║
║  :::::%++++========#%%%%:-::++++%%++++%-::::%####%=::::::      ║
║  :::::::-%++++====+++++++*-:-++*+*%::::::::::::::::::::::      ║
║           :-::--::--:-%%%::::::::::::::::::---::               ║
║                                                                ║
║  Capiko AI - v0.0.0  ·  Ecosystem, Frameworks, Workflows       ║
║  Update available: capiko-ai 0.0.0 → 9.9.9                     ║
║                                                                ║
║    Update now                                                  ║
║    View changes                                                ║
║  ▸ Keep current                                                ║
║                                                                ║
║  ↑/↓ move · enter select · u update · v view · c keep          ║
║                                                                ║
╚════════════════════════════════════════════════════════════════╝
